Archive member included to satisfy reference by file (symbol)

/opt/st/stm32cubeide_1.10.1/plugins/com.st.stm32cube.ide.mcu.externaltools.gnu-tools-for-stm32.10.3-2021.10.linux64_1.0.0.202111181127/tools/bin/../lib/gcc/arm-none-eabi/10.3.1/../../../../arm-none-eabi/lib/thumb/v7e-m+fp/hard/libc_nano.a(lib_a-exit.o)
                              /opt/st/stm32cubeide_1.10.1/plugins/com.st.stm32cube.ide.mcu.externaltools.gnu-tools-for-stm32.10.3-2021.10.linux64_1.0.0.202111181127/tools/bin/../lib/gcc/arm-none-eabi/10.3.1/../../../../arm-none-eabi/lib/thumb/v7e-m+fp/hard/crt0.o (exit)
/opt/st/stm32cubeide_1.10.1/plugins/com.st.stm32cube.ide.mcu.externaltools.gnu-tools-for-stm32.10.3-2021.10.linux64_1.0.0.202111181127/tools/bin/../lib/gcc/arm-none-eabi/10.3.1/../../../../arm-none-eabi/lib/thumb/v7e-m+fp/hard/libc_nano.a(lib_a-impure.o)
                              /opt/st/stm32cubeide_1.10.1/plugins/com.st.stm32cube.ide.mcu.externaltools.gnu-tools-for-stm32.10.3-2021.10.linux64_1.0.0.202111181127/tools/bin/../lib/gcc/arm-none-eabi/10.3.1/../../../../arm-none-eabi/lib/thumb/v7e-m+fp/hard/libc_nano.a(lib_a-exit.o) (_global_impure_ptr)
/opt/st/stm32cubeide_1.10.1/plugins/com.st.stm32cube.ide.mcu.externaltools.gnu-tools-for-stm32.10.3-2021.10.linux64_1.0.0.202111181127/tools/bin/../lib/gcc/arm-none-eabi/10.3.1/../../../../arm-none-eabi/lib/thumb/v7e-m+fp/hard/libc_nano.a(lib_a-init.o)
                              /opt/st/stm32cubeide_1.10.1/plugins/com.st.stm32cube.ide.mcu.externaltools.gnu-tools-for-stm32.10.3-2021.10.linux64_1.0.0.202111181127/tools/bin/../lib/gcc/arm-none-eabi/10.3.1/../../../../arm-none-eabi/lib/thumb/v7e-m+fp/hard/crt0.o (__libc_init_array)
/opt/st/stm32cubeide_1.10.1/plugins/com.st.stm32cube.ide.mcu.externaltools.gnu-tools-for-stm32.10.3-2021.10.linux64_1.0.0.202111181127/tools/bin/../lib/gcc/arm-none-eabi/10.3.1/../../../../arm-none-eabi/lib/thumb/v7e-m+fp/hard/libc_nano.a(lib_a-memset.o)
                              /opt/st/stm32cubeide_1.10.1/plugins/com.st.stm32cube.ide.mcu.externaltools.gnu-tools-for-stm32.10.3-2021.10.linux64_1.0.0.202111181127/tools/bin/../lib/gcc/arm-none-eabi/10.3.1/../../../../arm-none-eabi/lib/thumb/v7e-m+fp/hard/crt0.o (memset)
/opt/st/stm32cubeide_1.10.1/plugins/com.st.stm32cube.ide.mcu.externaltools.gnu-tools-for-stm32.10.3-2021.10.linux64_1.0.0.202111181127/tools/bin/../lib/gcc/arm-none-eabi/10.3.1/thumb/v7e-m+fp/hard/libgcc.a(_aeabi_ldivmod.o)
                              ./Drivers/STM32F4xx_HAL_Driver/stm32f4xx_hal_rcc.o (__aeabi_ldivmod)
/opt/st/stm32cubeide_1.10.1/plugins/com.st.stm32cube.ide.mcu.externaltools.gnu-tools-for-stm32.10.3-2021.10.linux64_1.0.0.202111181127/tools/bin/../lib/gcc/arm-none-eabi/10.3.1/thumb/v7e-m+fp/hard/libgcc.a(_aeabi_uldivmod.o)
                              ./Drivers/STM32F4xx_HAL_Driver/stm32f4xx_hal_rcc.o (__aeabi_uldivmod)
/opt/st/stm32cubeide_1.10.1/plugins/com.st.stm32cube.ide.mcu.externaltools.gnu-tools-for-stm32.10.3-2021.10.linux64_1.0.0.202111181127/tools/bin/../lib/gcc/arm-none-eabi/10.3.1/thumb/v7e-m+fp/hard/libgcc.a(_udivmoddi4.o)
                              /opt/st/stm32cubeide_1.10.1/plugins/com.st.stm32cube.ide.mcu.externaltools.gnu-tools-for-stm32.10.3-2021.10.linux64_1.0.0.202111181127/tools/bin/../lib/gcc/arm-none-eabi/10.3.1/thumb/v7e-m+fp/hard/libgcc.a(_aeabi_ldivmod.o) (__udivmoddi4)
/opt/st/stm32cubeide_1.10.1/plugins/com.st.stm32cube.ide.mcu.externaltools.gnu-tools-for-stm32.10.3-2021.10.linux64_1.0.0.202111181127/tools/bin/../lib/gcc/arm-none-eabi/10.3.1/thumb/v7e-m+fp/hard/libgcc.a(_dvmd_tls.o)
                              /opt/st/stm32cubeide_1.10.1/plugins/com.st.stm32cube.ide.mcu.externaltools.gnu-tools-for-stm32.10.3-2021.10.linux64_1.0.0.202111181127/tools/bin/../lib/gcc/arm-none-eabi/10.3.1/thumb/v7e-m+fp/hard/libgcc.a(_aeabi_ldivmod.o) (__aeabi_ldiv0)
/opt/st/stm32cubeide_1.10.1/plugins/com.st.stm32cube.ide.mcu.externaltools.gnu-tools-for-stm32.10.3-2021.10.linux64_1.0.0.202111181127/tools/bin/../lib/gcc/arm-none-eabi/10.3.1/../../../../arm-none-eabi/lib/thumb/v7e-m+fp/hard/libnosys.a(_exit.o)
                              /opt/st/stm32cubeide_1.10.1/plugins/com.st.stm32cube.ide.mcu.externaltools.gnu-tools-for-stm32.10.3-2021.10.linux64_1.0.0.202111181127/tools/bin/../lib/gcc/arm-none-eabi/10.3.1/../../../../arm-none-eabi/lib/thumb/v7e-m+fp/hard/libc_nano.a(lib_a-exit.o) (_exit)

Discarded input sections

 .text          0x0000000000000000        0x0 /opt/st/stm32cubeide_1.10.1/plugins/com.st.stm32cube.ide.mcu.externaltools.gnu-tools-for-stm32.10.3-2021.10.linux64_1.0.0.202111181127/tools/bin/../lib/gcc/arm-none-eabi/10.3.1/thumb/v7e-m+fp/hard/crti.o
 .data          0x0000000000000000        0x0 /opt/st/stm32cubeide_1.10.1/plugins/com.st.stm32cube.ide.mcu.externaltools.gnu-tools-for-stm32.10.3-2021.10.linux64_1.0.0.202111181127/tools/bin/../lib/gcc/arm-none-eabi/10.3.1/thumb/v7e-m+fp/hard/crti.o
[...]
Memory Configuration

Name             Origin             Length             Attributes
FLASH            0x0000000008000000 0x0000000000080000 xr
RAM              0x0000000020000000 0x0000000000020000 xrw
*default*        0x0000000000000000 0xffffffffffffffff

Linker script and memory map

LOAD /opt/st/stm32cubeide_1.10.1/plugins/com.st.stm32cube.ide.mcu.externaltools.gnu-tools-for-stm32.10.3-2021.10.linux64_1.0.0.202111181127/tools/bin/../lib/gcc/arm-none-eabi/10.3.1/thumb/v7e-m+fp/hard/crti.o
LOAD /opt/st/stm32cubeide_1.10.1/plugins/com.st.stm32cube.ide.mcu.externaltools.gnu-tools-for-stm32.10.3-2021.10.linux64_1.0.0.202111181127/tools/bin/../lib/gcc/arm-none-eabi/10.3.1/thumb/v7e-m+fp/hard/crtbegin.o
LOAD /opt/st/stm32cubeide_1.10.1/plugins/com.st.stm32cube.ide.mcu.externaltools.gnu-tools-for-stm32.10.3-2021.10.linux64_1.0.0.202111181127/tools/bin/../lib/gcc/arm-none-eabi/10.3.1/../../../../arm-none-eabi/lib/thumb/v7e-m+fp/hard/crt0.o
LOAD ./Drivers/BSP/STM32F4xx-Nucleo/stm32f4xx_nucleo.o
LOAD ./Drivers/CMSIS/system_stm32f4xx.o
LOAD ./Drivers/STM32F4xx_HAL_Driver/stm32f4xx_hal.o
LOAD ./Drivers/STM32F4xx_HAL_Driver/stm32f4xx_hal_adc.o
LOAD ./Drivers/STM32F4xx_HAL_Driver/stm32f4xx_hal_adc_ex.o
LOAD ./Drivers/STM32F4xx_HAL_Driver/stm32f4xx_hal_cortex.o
LOAD ./Drivers/STM32F4xx_HAL_Driver/stm32f4xx_hal_dma.o
LOAD ./Drivers/STM32F4xx_HAL_Driver/stm32f4xx_hal_dma_ex.o
LOAD ./Drivers/STM32F4xx_HAL_Driver/stm32f4xx_hal_flash.o
LOAD ./Drivers/STM32F4xx_HAL_Driver/stm32f4xx_hal_flash_ex.o
LOAD ./Drivers/STM32F4xx_HAL_Driver/stm32f4xx_hal_gpio.o
LOAD ./Drivers/STM32F4xx_HAL_Driver/stm32f4xx_hal_pwr_ex.o
LOAD ./Drivers/STM32F4xx_HAL_Driver/stm32f4xx_hal_rcc.o
LOAD ./Drivers/STM32F4xx_HAL_Driver/stm32f4xx_hal_rcc_ex.o
LOAD ./Drivers/STM32F4xx_HAL_Driver/stm32f4xx_hal_spi.o
LOAD ./Example/SW4STM32/startup_stm32f446xx.o
LOAD ./Example/User/main.o
LOAD ./Example/User/stm32f4xx_it.o
START GROUP
LOAD /opt/st/stm32cubeide_1.10.1/plugins/com.st.stm32cube.ide.mcu.externaltools.gnu-tools-for-stm32.10.3-2021.10.linux64_1.0.0.202111181127/tools/bin/../lib/gcc/arm-none-eabi/10.3.1/../../../../arm-none-eabi/lib/thumb/v7e-m+fp/hard/libc_nano.a
LOAD /opt/st/stm32cubeide_1.10.1/plugins/com.st.stm32cube.ide.mcu.externaltools.gnu-tools-for-stm32.10.3-2021.10.linux64_1.0.0.202111181127/tools/bin/../lib/gcc/arm-none-eabi/10.3.1/../../../../arm-none-eabi/lib/thumb/v7e-m+fp/hard/libm.a
END GROUP
START GROUP
LOAD /opt/st/stm32cubeide_1.10.1/plugins/com.st.stm32cube.ide.mcu.externaltools.gnu-tools-for-stm32.10.3-2021.10.linux64_1.0.0.202111181127/tools/bin/../lib/gcc/arm-none-eabi/10.3.1/thumb/v7e-m+fp/hard/libgcc.a
LOAD /opt/st/stm32cubeide_1.10.1/plugins/com.st.stm32cube.ide.mcu.externaltools.gnu-tools-for-stm32.10.3-2021.10.linux64_1.0.0.202111181127/tools/bin/../lib/gcc/arm-none-eabi/10.3.1/../../../../arm-none-eabi/lib/thumb/v7e-m+fp/hard/libc_nano.a
END GROUP
START GROUP
LOAD /opt/st/stm32cubeide_1.10.1/plugins/com.st.stm32cube.ide.mcu.externaltools.gnu-tools-for-stm32.10.3-2021.10.linux64_1.0.0.202111181127/tools/bin/../lib/gcc/arm-none-eabi/10.3.1/thumb/v7e-m+fp/hard/libgcc.a
LOAD /opt/st/stm32cubeide_1.10.1/plugins/com.st.stm32cube.ide.mcu.externaltools.gnu-tools-for-stm32.10.3-2021.10.linux64_1.0.0.202111181127/tools/bin/../lib/gcc/arm-none-eabi/10.3.1/../../../../arm-none-eabi/lib/thumb/v7e-m+fp/hard/libc_nano.a
LOAD /opt/st/stm32cubeide_1.10.1/plugins/com.st.stm32cube.ide.mcu.externaltools.gnu-tools-for-stm32.10.3-2021.10.linux64_1.0.0.202111181127/tools/bin/../lib/gcc/arm-none-eabi/10.3.1/../../../../arm-none-eabi/lib/thumb/v7e-m+fp/hard/libnosys.a
END GROUP
START GROUP
LOAD /opt/st/stm32cubeide_1.10.1/plugins/com.st.stm32cube.ide.mcu.externaltools.gnu-tools-for-stm32.10.3-2021.10.linux64_1.0.0.202111181127/tools/bin/../lib/gcc/arm-none-eabi/10.3.1/thumb/v7e-m+fp/hard/libgcc.a
LOAD /opt/st/stm32cubeide_1.10.1/plugins/com.st.stm32cube.ide.mcu.externaltools.gnu-tools-for-stm32.10.3-2021.10.linux64_1.0.0.202111181127/tools/bin/../lib/gcc/arm-none-eabi/10.3.1/../../../../arm-none-eabi/lib/thumb/v7e-m+fp/hard/libc_nano.a
LOAD /opt/st/stm32cubeide_1.10.1/plugins/com.st.stm32cube.ide.mcu.externaltools.gnu-tools-for-stm32.10.3-2021.10.linux64_1.0.0.202111181127/tools/bin/../lib/gcc/arm-none-eabi/10.3.1/../../../../arm-none-eabi/lib/thumb/v7e-m+fp/hard/libnosys.a
END GROUP
LOAD /opt/st/stm32cubeide_1.10.1/plugins/com.st.stm32cube.ide.mcu.externaltools.gnu-tools-for-stm32.10.3-2021.10.linux64_1.0.0.202111181127/tools/bin/../lib/gcc/arm-none-eabi/10.3.1/thumb/v7e-m+fp/hard/crtend.o
LOAD /opt/st/stm32cubeide_1.10.1/plugins/com.st.stm32cube.ide.mcu.externaltools.gnu-tools-for-stm32.10.3-2021.10.linux64_1.0.0.202111181127/tools/bin/../lib/gcc/arm-none-eabi/10.3.1/thumb/v7e-m+fp/hard/crtn.o
                0x0000000020020000                _estack = 0x20020000
                0x0000000000000200                _Min_Heap_Size = 0x200
                0x0000000000000400                _Min_Stack_Size = 0x400

.isr_vector     0x0000000008000000      0x1c4
                0x0000000008000000                . = ALIGN (0x4)
 *(.isr_vector)
 .isr_vector    0x0000000008000000      0x1c4 ./Example/SW4STM32/startup_stm32f446xx.o
                0x0000000008000000                g_pfnVectors
                0x00000000080001c4                . = ALIGN (0x4)

.text           0x00000000080001c4      0xe40
                0x00000000080001c4                . = ALIGN (0x4)
 *(.text)
 .text          0x00000000080001c4       0x40 /opt/st/stm32cubeide_1.10.1/plugins/com.st.stm32cube.ide.mcu.externaltools.gnu-tools-for-stm32.10.3-2021.10.linux64_1.0.0.202111181127/tools/bin/../lib/gcc/arm-none-eabi/10.3.1/thumb/v7e-m+fp/hard/crtbegin.o
 .text          0x0000000008000204       0x30 /opt/st/stm32cubeide_1.10.1/plugins/com.st.stm32cube.ide.mcu.externaltools.gnu-tools-for-stm32.10.3-2021.10.linux64_1.0.0.202111181127/tools/bin/../lib/gcc/arm-none-eabi/10.3.1/thumb/v7e-m+fp/hard/libgcc.a(_aeabi_uldivmod.o)
                0x0000000008000204                __aeabi_uldivmod
 .text          0x0000000008000234      0x2d0 /opt/st/stm32cubeide_1.10.1/plugins/com.st.stm32cube.ide.mcu.externaltools.gnu-tools-for-stm32.10.3-2021.10.linux64_1.0.0.202111181127/tools/bin/../lib/gcc/arm-none-eabi/10.3.1/thumb/v7e-m+fp/hard/libgcc.a(_udivmoddi4.o)
                0x0000000008000234                __udivmoddi4
 .text          0x0000000008000504        0x4 /opt/st/stm32cubeide_1.10.1/plugins/com.st.stm32cube.ide.mcu.externaltools.gnu-tools-for-stm32.10.3-2021.10.linux64_1.0.0.202111181127/tools/bin/../lib/gcc/arm-none-eabi/10.3.1/thumb/v7e-m+fp/hard/libgcc.a(_dvmd_tls.o)
                0x0000000008000504                __aeabi_ldiv0
                0x0000000008000504                __aeabi_idiv0
 *(.text*)
 .text.SystemInit
                0x0000000008000508       0x4c ./Drivers/CMSIS/system_stm32f4xx.o
                0x0000000008000508                SystemInit
 .text.HAL_MspInit
                0x0000000008000554        0x2 ./Drivers/STM32F4xx_HAL_Driver/stm32f4xx_hal.o
                0x0000000008000554                HAL_MspInit
 *fill*         0x0000000008000556        0x2 
 .text.HAL_InitTick
                0x0000000008000558       0x44 ./Drivers/STM32F4xx_HAL_Driver/stm32f4xx_hal.o
                0x0000000008000558                HAL_InitTick
 .text.HAL_Init
                0x000000000800059c       0x34 ./Drivers/STM32F4xx_HAL_Driver/stm32f4xx_hal.o
                0x000000000800059c                HAL_Init
 .text.HAL_IncTick
                0x00000000080005d0       0x18 ./Drivers/STM32F4xx_HAL_Driver/stm32f4xx_hal.o
                0x00000000080005d0                HAL_IncTick
 .text.HAL_GetTick
                0x00000000080005e8        0xc ./Drivers/STM32F4xx_HAL_Driver/stm32f4xx_hal.o
                0x00000000080005e8                HAL_GetTick
 .text.HAL_Delay
                0x00000000080005f4       0x28 ./Drivers/STM32F4xx_HAL_Driver/stm32f4xx_hal.o
                0x00000000080005f4                HAL_Delay
 .text.HAL_NVIC_SetPriorityGrouping
                0x000000000800061c       0x24 ./Drivers/STM32F4xx_HAL_Driver/stm32f4xx_hal_cortex.o
                0x000000000800061c                HAL_NVIC_SetPriorityGrouping
 .text.HAL_NVIC_SetPriority
                0x0000000008000640       0x64 ./Drivers/STM32F4xx_HAL_Driver/stm32f4xx_hal_cortex.o
                0x0000000008000640                HAL_NVIC_SetPriority
 .text.HAL_SYSTICK_Config
                0x00000000080006a4       0x28 ./Drivers/STM32F4xx_HAL_Driver/stm32f4xx_hal_cortex.o
                0x00000000080006a4                HAL_SYSTICK_Config
 .text.HAL_GPIO_Init
                0x00000000080006cc      0x1a8 ./Drivers/STM32F4xx_HAL_Driver/stm32f4xx_hal_gpio.o
                0x00000000080006cc                HAL_GPIO_Init
 .text.HAL_GPIO_TogglePin
                0x0000000008000874       0x12 ./Drivers/STM32F4xx_HAL_Driver/stm32f4xx_hal_gpio.o
                0x0000000008000874                HAL_GPIO_TogglePin
 *fill*         0x0000000008000886        0x2 
 .text.HAL_PWREx_EnableOverDrive
                0x0000000008000888       0x74 ./Drivers/STM32F4xx_HAL_Driver/stm32f4xx_hal_pwr_ex.o
                0x0000000008000888                HAL_PWREx_EnableOverDrive
 .text.HAL_RCC_ClockConfig
                0x00000000080008fc      0x138 ./Drivers/STM32F4xx_HAL_Driver/stm32f4xx_hal_rcc.o
                0x00000000080008fc                HAL_RCC_ClockConfig
 .text.HAL_RCC_GetSysClockFreq
                0x0000000008000a34       0x90 ./Drivers/STM32F4xx_HAL_Driver/stm32f4xx_hal_rcc_ex.o
                0x0000000008000a34                HAL_RCC_GetSysClockFreq
 .text.HAL_RCC_OscConfig
                0x0000000008000ac4      0x390 ./Drivers/STM32F4xx_HAL_Driver/stm32f4xx_hal_rcc_ex.o
                0x0000000008000ac4                HAL_RCC_OscConfig
 .text.Reset_Handler
                0x0000000008000e54       0x50 ./Example/SW4STM32/startup_stm32f446xx.o
                0x0000000008000e54                Reset_Handler
 .text.Default_Handler
                0x0000000008000ea4        0x2 ./Example/SW4STM32/startup_stm32f446xx.o
                0x0000000008000ea4                RTC_Alarm_IRQHandler
                0x0000000008000ea4                EXTI2_IRQHandler
                0x0000000008000ea4                TIM8_CC_IRQHandler
                0x0000000008000ea4                FMPI2C1_EV_IRQHandler
                0x0000000008000ea4                SPI4_IRQHandler
                0x0000000008000ea4                TIM1_CC_IRQHandler
                0x0000000008000ea4                DMA2_Stream5_IRQHandler
                0x0000000008000ea4                DMA1_Stream5_IRQHandler
                0x0000000008000ea4                PVD_IRQHandler
                0x0000000008000ea4                SDIO_IRQHandler
                0x0000000008000ea4                TAMP_STAMP_IRQHandler
                0x0000000008000ea4                CAN2_RX1_IRQHandler
                0x0000000008000ea4                EXTI3_IRQHandler
                0x0000000008000ea4                TIM8_TRG_COM_TIM14_IRQHandler
                0x0000000008000ea4                TIM1_UP_TIM10_IRQHandler
                0x0000000008000ea4                TIM8_UP_TIM13_IRQHandler
                0x0000000008000ea4                I2C3_ER_IRQHandler
                0x0000000008000ea4                EXTI0_IRQHandler
                0x0000000008000ea4                I2C2_EV_IRQHandler
                0x0000000008000ea4                DMA1_Stream2_IRQHandler
                0x0000000008000ea4                CAN1_RX0_IRQHandler
                0x0000000008000ea4                FPU_IRQHandler
                0x0000000008000ea4                OTG_HS_WKUP_IRQHandler
                0x0000000008000ea4                CAN2_SCE_IRQHandler
                0x0000000008000ea4                DMA2_Stream2_IRQHandler
                0x0000000008000ea4                SPI1_IRQHandler
                0x0000000008000ea4                TIM6_DAC_IRQHandler
                0x0000000008000ea4                TIM1_BRK_TIM9_IRQHandler
                0x0000000008000ea4                DCMI_IRQHandler
                0x0000000008000ea4                CAN2_RX0_IRQHandler
                0x0000000008000ea4                DMA2_Stream3_IRQHandler
                0x0000000008000ea4                SAI2_IRQHandler
                0x0000000008000ea4                USART6_IRQHandler
                0x0000000008000ea4                USART3_IRQHandler
                0x0000000008000ea4                CAN1_RX1_IRQHandler
                0x0000000008000ea4                UART5_IRQHandler
                0x0000000008000ea4                DMA2_Stream0_IRQHandler
                0x0000000008000ea4                TIM4_IRQHandler
                0x0000000008000ea4                QUADSPI_IRQHandler
                0x0000000008000ea4                I2C1_EV_IRQHandler
                0x0000000008000ea4                DMA1_Stream6_IRQHandler
                0x0000000008000ea4                DMA1_Stream1_IRQHandler
                0x0000000008000ea4                UART4_IRQHandler
                0x0000000008000ea4                TIM3_IRQHandler
                0x0000000008000ea4                RCC_IRQHandler
                0x0000000008000ea4                TIM8_BRK_TIM12_IRQHandler
                0x0000000008000ea4                Default_Handler
                0x0000000008000ea4                CEC_IRQHandler
                0x0000000008000ea4                EXTI15_10_IRQHandler
                0x0000000008000ea4                ADC_IRQHandler
                0x0000000008000ea4                DMA1_Stream7_IRQHandler
                0x0000000008000ea4                TIM7_IRQHandler
                0x0000000008000ea4                CAN2_TX_IRQHandler
                0x0000000008000ea4                TIM5_IRQHandler
                0x0000000008000ea4                DMA2_Stream7_IRQHandler
                0x0000000008000ea4                I2C3_EV_IRQHandler
                0x0000000008000ea4                EXTI9_5_IRQHandler
                0x0000000008000ea4                RTC_WKUP_IRQHandler
                0x0000000008000ea4                SPDIF_RX_IRQHandler
                0x0000000008000ea4                SPI2_IRQHandler
                0x0000000008000ea4                OTG_HS_EP1_IN_IRQHandler
                0x0000000008000ea4                DMA1_Stream0_IRQHandler
                0x0000000008000ea4                CAN1_TX_IRQHandler
                0x0000000008000ea4                FMPI2C1_ER_IRQHandler
                0x0000000008000ea4                EXTI4_IRQHandler
                0x0000000008000ea4                OTG_HS_EP1_OUT_IRQHandler
                0x0000000008000ea4                WWDG_IRQHandler
                0x0000000008000ea4                TIM2_IRQHandler
                0x0000000008000ea4                OTG_FS_WKUP_IRQHandler
                0x0000000008000ea4                TIM1_TRG_COM_TIM11_IRQHandler
                0x0000000008000ea4                OTG_HS_IRQHandler
                0x0000000008000ea4                EXTI1_IRQHandler
                0x0000000008000ea4                USART2_IRQHandler
                0x0000000008000ea4                I2C2_ER_IRQHandler
                0x0000000008000ea4                DMA2_Stream1_IRQHandler
                0x0000000008000ea4                CAN1_SCE_IRQHandler
                0x0000000008000ea4                FLASH_IRQHandler
                0x0000000008000ea4                DMA2_Stream4_IRQHandler
                0x0000000008000ea4                USART1_IRQHandler
                0x0000000008000ea4                OTG_FS_IRQHandler
                0x0000000008000ea4                SPI3_IRQHandler
                0x0000000008000ea4                DMA1_Stream4_IRQHandler
                0x0000000008000ea4                I2C1_ER_IRQHandler
                0x0000000008000ea4                FMC_IRQHandler
                0x0000000008000ea4                DMA2_Stream6_IRQHandler
                0x0000000008000ea4                SAI1_IRQHandler
                0x0000000008000ea4                DMA1_Stream3_IRQHandler
 *fill*         0x0000000008000ea6        0x2 
 .text.SystemClock_Config
                0x0000000008000ea8       0x90 ./Example/User/main.o
                0x0000000008000ea8                SystemClock_Config
 .text.startup.main
                0x0000000008000f38       0x58 ./Example/User/main.o
                0x0000000008000f38                main
 .text.NMI_Handler
                0x0000000008000f90        0x2 ./Example/User/stm32f4xx_it.o
                0x0000000008000f90                NMI_Handler
 .text.HardFault_Handler
                0x0000000008000f92        0x2 ./Example/User/stm32f4xx_it.o
                0x0000000008000f92                HardFault_Handler
 .text.MemManage_Handler
                0x0000000008000f94        0x2 ./Example/User/stm32f4xx_it.o
                0x0000000008000f94                MemManage_Handler
 .text.BusFault_Handler
                0x0000000008000f96        0x2 ./Example/User/stm32f4xx_it.o
                0x0000000008000f96                BusFault_Handler
 .text.UsageFault_Handler
                0x0000000008000f98        0x2 ./Example/User/stm32f4xx_it.o
                0x0000000008000f98                UsageFault_Handler
 .text.SVC_Handler
                0x0000000008000f9a        0x2 ./Example/User/stm32f4xx_it.o
                0x0000000008000f9a                SVC_Handler
 .text.DebugMon_Handler
                0x0000000008000f9c        0x2 ./Example/User/stm32f4xx_it.o
                0x0000000008000f9c                DebugMon_Handler
 .text.PendSV_Handler
                0x0000000008000f9e        0x2 ./Example/User/stm32f4xx_it.o
                0x0000000008000f9e                PendSV_Handler
 .text.SysTick_Handler
                0x0000000008000fa0        0x4 ./Example/User/stm32f4xx_it.o
                0x0000000008000fa0                SysTick_Handler
 .text.__libc_init_array
                0x0000000008000fa4       0x48 /opt/st/stm32cubeide_1.10.1/plugins/com.st.stm32cube.ide.mcu.externaltools.gnu-tools-for-stm32.10.3-2021.10.linux64_1.0.0.202111181127/tools/bin/../lib/gcc/arm-none-eabi/10.3.1/../../../../arm-none-eabi/lib/thumb/v7e-m+fp/hard/libc_nano.a(lib_a-init.o)
                0x0000000008000fa4                __libc_init_array
 *(.glue_7)
 .glue_7        0x0000000008000fec        0x0 linker stubs
 *(.glue_7t)
 .glue_7t       0x0000000008000fec        0x0 linker stubs
 *(.eh_frame)
 .eh_frame      0x0000000008000fec        0x0 /opt/st/stm32cubeide_1.10.1/plugins/com.st.stm32cube.ide.mcu.externaltools.gnu-tools-for-stm32.10.3-2021.10.linux64_1.0.0.202111181127/tools/bin/../lib/gcc/arm-none-eabi/10.3.1/thumb/v7e-m+fp/hard/crtbegin.o
 *(.init)
 .init          0x0000000008000fec        0x4 /opt/st/stm32cubeide_1.10.1/plugins/com.st.stm32cube.ide.mcu.externaltools.gnu-tools-for-stm32.10.3-2021.10.linux64_1.0.0.202111181127/tools/bin/../lib/gcc/arm-none-eabi/10.3.1/thumb/v7e-m+fp/hard/crti.o
                0x0000000008000fec                _init
 .init          0x0000000008000ff0        0x8 /opt/st/stm32cubeide_1.10.1/plugins/com.st.stm32cube.ide.mcu.externaltools.gnu-tools-for-stm32.10.3-2021.10.linux64_1.0.0.202111181127/tools/bin/../lib/gcc/arm-none-eabi/10.3.1/thumb/v7e-m+fp/hard/crtn.o
 *(.fini)
 .fini          0x0000000008000ff8        0x4 /opt/st/stm32cubeide_1.10.1/plugins/com.st.stm32cube.ide.mcu.externaltools.gnu-tools-for-stm32.10.3-2021.10.linux64_1.0.0.202111181127/tools/bin/../lib/gcc/arm-none-eabi/10.3.1/thumb/v7e-m+fp/hard/crti.o
                0x0000000008000ff8                _fini
 .fini          0x0000000008000ffc        0x8 /opt/st/stm32cubeide_1.10.1/plugins/com.st.stm32cube.ide.mcu.externaltools.gnu-tools-for-stm32.10.3-2021.10.linux64_1.0.0.202111181127/tools/bin/../lib/gcc/arm-none-eabi/10.3.1/thumb/v7e-m+fp/hard/crtn.o
                0x0000000008001004                . = ALIGN (0x4)
                0x0000000008001004                _etext = .

.vfp11_veneer   0x0000000008001004        0x0
 .vfp11_veneer  0x0000000008001004        0x0 linker stubs

.v4_bx          0x0000000008001004        0x0
 .v4_bx         0x0000000008001004        0x0 linker stubs

.iplt           0x0000000008001004        0x0
 .iplt          0x0000000008001004        0x0 /opt/st/stm32cubeide_1.10.1/plugins/com.st.stm32cube.ide.mcu.externaltools.gnu-tools-for-stm32.10.3-2021.10.linux64_1.0.0.202111181127/tools/bin/../lib/gcc/arm-none-eabi/10.3.1/thumb/v7e-m+fp/hard/crtbegin.o

.rodata         0x0000000008001004       0x18
                0x0000000008001004                . = ALIGN (0x4)
 *(.rodata)
 .rodata        0x0000000008001004       0x18 ./Drivers/CMSIS/system_stm32f4xx.o
                0x0000000008001004                AHBPrescTable
                0x0000000008001014                APBPrescTable
 *(.rodata*)
                0x000000000800101c                . = ALIGN (0x4)

.ARM.extab
 *(.ARM.extab* .gnu.linkonce.armextab.*)

.ARM            0x000000000800101c        0x8
                0x000000000800101c                __exidx_start = .
 *(.ARM.exidx*)
 .ARM.exidx     0x000000000800101c        0x8 /opt/st/stm32cubeide_1.10.1/plugins/com.st.stm32cube.ide.mcu.externaltools.gnu-tools-for-stm32.10.3-2021.10.linux64_1.0.0.202111181127/tools/bin/../lib/gcc/arm-none-eabi/10.3.1/thumb/v7e-m+fp/hard/libgcc.a(_udivmoddi4.o)
                0x0000000008001024                __exidx_end = .

.rel.dyn        0x0000000008001024        0x0
 .rel.iplt      0x0000000008001024        0x0 /opt/st/stm32cubeide_1.10.1/plugins/com.st.stm32cube.ide.mcu.externaltools.gnu-tools-for-stm32.10.3-2021.10.linux64_1.0.0.202111181127/tools/bin/../lib/gcc/arm-none-eabi/10.3.1/thumb/v7e-m+fp/hard/crtbegin.o

.preinit_array  0x0000000008001024        0x0
                0x0000000008001024                PROVIDE (__preinit_array_start = .)
 *(.preinit_array*)
                0x0000000008001024                PROVIDE (__preinit_array_end = .)

.init_array     0x0000000008001024        0x4
                0x0000000008001024                PROVIDE (__init_array_start = .)
 *(SORT_BY_NAME(.init_array.*))
 *(.init_array*)
 .init_array    0x0000000008001024        0x4 /opt/st/stm32cubeide_1.10.1/plugins/com.st.stm32cube.ide.mcu.externaltools.gnu-tools-for-stm32.10.3-2021.10.linux64_1.0.0.202111181127/tools/bin/../lib/gcc/arm-none-eabi/10.3.1/thumb/v7e-m+fp/hard/crtbegin.o
                0x0000000008001028                PROVIDE (__init_array_end = .)

.fini_array     0x0000000008001028        0x4
                [!provide]                        PROVIDE (__fini_array_start = .)
 *(SORT_BY_NAME(.fini_array.*))
 *(.fini_array*)
 .fini_array    0x0000000008001028        0x4 /opt/st/stm32cubeide_1.10.1/plugins/com.st.stm32cube.ide.mcu.externaltools.gnu-tools-for-stm32.10.3-2021.10.linux64_1.0.0.202111181127/tools/bin/../lib/gcc/arm-none-eabi/10.3.1/thumb/v7e-m+fp/hard/crtbegin.o
                [!provide]                        PROVIDE (__fini_array_end = .)
                0x000000000800102c                _sidata = LOADADDR (.data)

.data           0x0000000020000000        0xc load address 0x000000000800102c
                0x0000000020000000                . = ALIGN (0x4)
                0x0000000020000000                _sdata = .
 *(.data)
 .data          0x0000000020000000        0x4 ./Drivers/CMSIS/system_stm32f4xx.o
                0x0000000020000000                SystemCoreClock
 .data          0x0000000020000004        0x8 ./Drivers/STM32F4xx_HAL_Driver/stm32f4xx_hal.o
                0x0000000020000004                uwTickFreq
                0x0000000020000008                uwTickPrio
 *(.data*)
                0x000000002000000c                . = ALIGN (0x4)
                0x000000002000000c                _edata = .

.igot.plt       0x000000002000000c        0x0 load address 0x0000000008001038
 .igot.plt      0x000000002000000c        0x0 /opt/st/stm32cubeide_1.10.1/plugins/com.st.stm32cube.ide.mcu.externaltools.gnu-tools-for-stm32.10.3-2021.10.linux64_1.0.0.202111181127/tools/bin/../lib/gcc/arm-none-eabi/10.3.1/thumb/v7e-m+fp/hard/crtbegin.o
                0x000000002000000c                . = ALIGN (0x4)

.bss            0x000000002000000c       0x34 load address 0x0000000008001038
                0x000000002000000c                _sbss = .
                0x000000002000000c                __bss_start__ = _sbss
 *(.bss)
 .bss           0x000000002000000c       0x1c /opt/st/stm32cubeide_1.10.1/plugins/com.st.stm32cube.ide.mcu.externaltools.gnu-tools-for-stm32.10.3-2021.10.linux64_1.0.0.202111181127/tools/bin/../lib/gcc/arm-none-eabi/10.3.1/thumb/v7e-m+fp/hard/crtbegin.o
 .bss           0x0000000020000028        0x4 ./Drivers/STM32F4xx_HAL_Driver/stm32f4xx_hal.o
                0x0000000020000028                uwTick
 .bss           0x000000002000002c       0x14 ./Example/User/main.o
 *(.bss*)
 *(COMMON)
                0x0000000020000040                . = ALIGN (0x4)
                0x0000000020000040                _ebss = .
                0x0000000020000040                __bss_end__ = _ebss

._user_heap_stack
                0x0000000020000040      0x600 load address 0x0000000008001038
                0x0000000020000040                . = ALIGN (0x4)
                [!provide]                        PROVIDE (end = .)
                [!provide]                        PROVIDE (_end = .)
                0x0000000020000240                . = (. + _Min_Heap_Size)
 *fill*         0x0000000020000040      0x200 
                0x0000000020000640                . = (. + _Min_Stack_Size)
 *fill*         0x0000000020000240      0x400 
                0x0000000020000640                . = ALIGN (0x4)

/DISCARD/
 libc.a(*)
 libm.a(*)
 libgcc.a(*)

.ARM.attributes
                0x0000000000000000       0x30
 *(.ARM.attributes)
 .ARM.attributes
                0x0000000000000000       0x1e /opt/st/stm32cubeide_1.10.1/plugins/com.st.stm32cube.ide.mcu.externaltools.gnu-tools-for-stm32.10.3-2021.10.linux64_1.0.0.202111181127/tools/bin/../lib/gcc/arm-none-eabi/10.3.1/thumb/v7e-m+fp/hard/crti.o
 .ARM.attributes
                0x000000000000001e       0x34 /opt/st/stm32cubeide_1.10.1/plugins/com.st.stm32cube.ide.mcu.externaltools.gnu-tools-for-stm32.10.3-2021.10.linux64_1.0.0.202111181127/tools/bin/../lib/gcc/arm-none-eabi/10.3.1/thumb/v7e-m+fp/hard/crtbegin.o
 .ARM.attributes
                0x0000000000000052       0x34 ./Drivers/CMSIS/system_stm32f4xx.o
 .ARM.attributes
                0x0000000000000086       0x34 ./Drivers/STM32F4xx_HAL_Driver/stm32f4xx_hal.o
 .ARM.attributes
                0x00000000000000ba       0x34 ./Drivers/STM32F4xx_HAL_Driver/stm32f4xx_hal_cortex.o
 .ARM.attributes
                0x00000000000000ee       0x34 ./Drivers/STM32F4xx_HAL_Driver/stm32f4xx_hal_gpio.o
 .ARM.attributes
                0x0000000000000122       0x34 ./Drivers/STM32F4xx_HAL_Driver/stm32f4xx_hal_pwr_ex.o
 .ARM.attributes
                0x0000000000000156       0x34 ./Drivers/STM32F4xx_HAL_Driver/stm32f4xx_hal_rcc.o
 .ARM.attributes
                0x000000000000018a       0x34 ./Drivers/STM32F4xx_HAL_Driver/stm32f4xx_hal_rcc_ex.o
 .ARM.attributes
                0x00000000000001be       0x21 ./Example/SW4STM32/startup_stm32f446xx.o
 .ARM.attributes
                0x00000000000001df       0x34 ./Example/User/main.o
 .ARM.attributes
                0x0000000000000213       0x34 ./Example/User/stm32f4xx_it.o
 .ARM.attributes
                0x0000000000000247       0x34 /opt/st/stm32cubeide_1.10.1/plugins/com.st.stm32cube.ide.mcu.externaltools.gnu-tools-for-stm32.10.3-2021.10.linux64_1.0.0.202111181127/tools/bin/../lib/gcc/arm-none-eabi/10.3.1/../../../../arm-none-eabi/lib/thumb/v7e-m+fp/hard/libc_nano.a(lib_a-init.o)
 .ARM.attributes
                0x000000000000027b       0x1e /opt/st/stm32cubeide_1.10.1/plugins/com.st.stm32cube.ide.mcu.externaltools.gnu-tools-for-stm32.10.3-2021.10.linux64_1.0.0.202111181127/tools/bin/../lib/gcc/arm-none-eabi/10.3.1/thumb/v7e-m+fp/hard/libgcc.a(_aeabi_uldivmod.o)
 .ARM.attributes
                0x0000000000000299       0x34 /opt/st/stm32cubeide_1.10.1/plugins/com.st.stm32cube.ide.mcu.externaltools.gnu-tools-for-stm32.10.3-2021.10.linux64_1.0.0.202111181127/tools/bin/../lib/gcc/arm-none-eabi/10.3.1/thumb/v7e-m+fp/hard/libgcc.a(_udivmoddi4.o)
 .ARM.attributes
                0x00000000000002cd       0x1e /opt/st/stm32cubeide_1.10.1/plugins/com.st.stm32cube.ide.mcu.externaltools.gnu-tools-for-stm32.10.3-2021.10.linux64_1.0.0.202111181127/tools/bin/../lib/gcc/arm-none-eabi/10.3.1/thumb/v7e-m+fp/hard/libgcc.a(_dvmd_tls.o)
 .ARM.attributes
                0x00000000000002eb       0x1e /opt/st/stm32cubeide_1.10.1/plugins/com.st.stm32cube.ide.mcu.externaltools.gnu-tools-for-stm32.10.3-2021.10.linux64_1.0.0.202111181127/tools/bin/../lib/gcc/arm-none-eabi/10.3.1/thumb/v7e-m+fp/hard/crtn.o
OUTPUT(STM32F4xx-Nucleo.elf elf32-littlearm)
LOAD linker stubs
LOAD /opt/st/stm32cubeide_1.10.1/plugins/com.st.stm32cube.ide.mcu.externaltools.gnu-tools-for-stm32.10.3-2021.10.linux64_1.0.0.202111181127/tools/bin/../lib/gcc/arm-none-eabi/10.3.1/../../../../arm-none-eabi/lib/thumb/v7e-m+fp/hard/libc.a
LOAD /opt/st/stm32cubeide_1.10.1/plugins/com.st.stm32cube.ide.mcu.externaltools.gnu-tools-for-stm32.10.3-2021.10.linux64_1.0.0.202111181127/tools/bin/../lib/gcc/arm-none-eabi/10.3.1/../../../../arm-none-eabi/lib/thumb/v7e-m+fp/hard/libm.a
LOAD /opt/st/stm32cubeide_1.10.1/plugins/com.st.stm32cube.ide.mcu.externaltools.gnu-tools-for-stm32.10.3-2021.10.linux64_1.0.0.202111181127/tools/bin/../lib/gcc/arm-none-eabi/10.3.1/thumb/v7e-m+fp/hard/libgcc.a

.debug_info     0x0000000000000000     0x51db
 .debug_info    0x0000000000000000      0x574 ./Drivers/CMSIS/system_stm32f4xx.o
 .debug_info    0x0000000000000574      0xaa6 ./Drivers/STM32F4xx_HAL_Driver/stm32f4xx_hal.o
 .debug_info    0x000000000000101a     0x10aa ./Drivers/STM32F4xx_HAL_Driver/stm32f4xx_hal_cortex.o
 .debug_info    0x00000000000020c4      0x804 ./Drivers/STM32F4xx_HAL_Driver/stm32f4xx_hal_gpio.o
 .debug_info    0x00000000000028c8      0x7c3 ./Drivers/STM32F4xx_HAL_Driver/stm32f4xx_hal_pwr_ex.o
 .debug_info    0x000000000000308b      0xbd8 ./Drivers/STM32F4xx_HAL_Driver/stm32f4xx_hal_rcc.o
 .debug_info    0x0000000000003c63      0xcdf ./Drivers/STM32F4xx_HAL_Driver/stm32f4xx_hal_rcc_ex.o
 .debug_info    0x0000000000004942       0x22 ./Example/SW4STM32/startup_stm32f446xx.o
 .debug_info    0x0000000000004964      0x760 ./Example/User/main.o
 .debug_info    0x00000000000050c4      0x117 ./Example/User/stm32f4xx_it.o

.debug_abbrev   0x0000000000000000     0x130c
 .debug_abbrev  0x0000000000000000      0x11c ./Drivers/CMSIS/system_stm32f4xx.o
 .debug_abbrev  0x000000000000011c      0x289 ./Drivers/STM32F4xx_HAL_Driver/stm32f4xx_hal.o
 .debug_abbrev  0x00000000000003a5      0x372 ./Drivers/STM32F4xx_HAL_Driver/stm32f4xx_hal_cortex.o
 .debug_abbrev  0x0000000000000717      0x1f0 ./Drivers/STM32F4xx_HAL_Driver/stm32f4xx_hal_gpio.o
 .debug_abbrev  0x0000000000000907      0x1dd ./Drivers/STM32F4xx_HAL_Driver/stm32f4xx_hal_pwr_ex.o
 .debug_abbrev  0x0000000000000ae4      0x344 ./Drivers/STM32F4xx_HAL_Driver/stm32f4xx_hal_rcc.o
 .debug_abbrev  0x0000000000000e28      0x241 ./Drivers/STM32F4xx_HAL_Driver/stm32f4xx_hal_rcc_ex.o
 .debug_abbrev  0x0000000000001069       0x12 ./Example/SW4STM32/startup_stm32f446xx.o
 .debug_abbrev  0x000000000000107b      0x1d9 ./Example/User/main.o
 .debug_abbrev  0x0000000000001254       0xb8 ./Example/User/stm32f4xx_it.o

.debug_loc      0x0000000000000000     0x2129
 .debug_loc     0x0000000000000000      0x118 ./Drivers/CMSIS/system_stm32f4xx.o
 .debug_loc     0x0000000000000118      0x139 ./Drivers/STM32F4xx_HAL_Driver/stm32f4xx_hal.o
 .debug_loc     0x0000000000000251      0x5d3 ./Drivers/STM32F4xx_HAL_Driver/stm32f4xx_hal_cortex.o
 .debug_loc     0x0000000000000824      0x42f ./Drivers/STM32F4xx_HAL_Driver/stm32f4xx_hal_gpio.o
 .debug_loc     0x0000000000000c53      0x258 ./Drivers/STM32F4xx_HAL_Driver/stm32f4xx_hal_pwr_ex.o
 .debug_loc     0x0000000000000eab      0x4af ./Drivers/STM32F4xx_HAL_Driver/stm32f4xx_hal_rcc.o
 .debug_loc     0x000000000000135a      0xdac ./Drivers/STM32F4xx_HAL_Driver/stm32f4xx_hal_rcc_ex.o
 .debug_loc     0x0000000000002106       0x23 ./Example/User/main.o

.debug_aranges  0x0000000000000000      0x408
 .debug_aranges
                0x0000000000000000       0x28 ./Drivers/CMSIS/system_stm32f4xx.o
 .debug_aranges
                0x0000000000000028       0xe8 ./Drivers/STM32F4xx_HAL_Driver/stm32f4xx_hal.o
 .debug_aranges
                0x0000000000000110       0xa8 ./Drivers/STM32F4xx_HAL_Driver/stm32f4xx_hal_cortex.o
 .debug_aranges
                0x00000000000001b8       0x58 ./Drivers/STM32F4xx_HAL_Driver/stm32f4xx_hal_gpio.o
 .debug_aranges
                0x0000000000000210       0x60 ./Drivers/STM32F4xx_HAL_Driver/stm32f4xx_hal_pwr_ex.o
 .debug_aranges
                0x0000000000000270       0x88 ./Drivers/STM32F4xx_HAL_Driver/stm32f4xx_hal_rcc.o
 .debug_aranges
                0x00000000000002f8       0x78 ./Drivers/STM32F4xx_HAL_Driver/stm32f4xx_hal_rcc_ex.o
 .debug_aranges
                0x0000000000000370       0x28 ./Example/SW4STM32/startup_stm32f446xx.o
 .debug_aranges
                0x0000000000000398       0x28 ./Example/User/main.o
 .debug_aranges
                0x00000000000003c0       0x48 ./Example/User/stm32f4xx_it.o

.debug_ranges   0x0000000000000000      0x588
 .debug_ranges  0x0000000000000000       0x18 ./Drivers/CMSIS/system_stm32f4xx.o
 .debug_ranges  0x0000000000000018       0xd8 ./Drivers/STM32F4xx_HAL_Driver/stm32f4xx_hal.o
 .debug_ranges  0x00000000000000f0      0x150 ./Drivers/STM32F4xx_HAL_Driver/stm32f4xx_hal_cortex.o
 .debug_ranges  0x0000000000000240       0x68 ./Drivers/STM32F4xx_HAL_Driver/stm32f4xx_hal_gpio.o
 .debug_ranges  0x00000000000002a8       0xe0 ./Drivers/STM32F4xx_HAL_Driver/stm32f4xx_hal_pwr_ex.o
 .debug_ranges  0x0000000000000388       0xb0 ./Drivers/STM32F4xx_HAL_Driver/stm32f4xx_hal_rcc.o
 .debug_ranges  0x0000000000000438       0x80 ./Drivers/STM32F4xx_HAL_Driver/stm32f4xx_hal_rcc_ex.o
 .debug_ranges  0x00000000000004b8       0x20 ./Example/SW4STM32/startup_stm32f446xx.o
 .debug_ranges  0x00000000000004d8       0x78 ./Example/User/main.o
 .debug_ranges  0x0000000000000550       0x38 ./Example/User/stm32f4xx_it.o

.debug_macro    0x0000000000000000     0x1555
 .debug_macro   0x0000000000000000      0x21c ./Drivers/CMSIS/system_stm32f4xx.o
 .debug_macro   0x000000000000021c      0x276 ./Drivers/STM32F4xx_HAL_Driver/stm32f4xx_hal.o
 .debug_macro   0x0000000000000492      0x216 ./Drivers/STM32F4xx_HAL_Driver/stm32f4xx_hal_cortex.o
 .debug_macro   0x00000000000006a8      0x21c ./Drivers/STM32F4xx_HAL_Driver/stm32f4xx_hal_gpio.o
 .debug_macro   0x00000000000008c4      0x22e ./Drivers/STM32F4xx_HAL_Driver/stm32f4xx_hal_pwr_ex.o
 .debug_macro   0x0000000000000af2      0x23a ./Drivers/STM32F4xx_HAL_Driver/stm32f4xx_hal_rcc.o
 .debug_macro   0x0000000000000d2c      0x216 ./Drivers/STM32F4xx_HAL_Driver/stm32f4xx_hal_rcc_ex.o
 .debug_macro   0x0000000000000f42      0x229 ./Example/User/main.o
 .debug_macro   0x000000000000116b      0x1b3 ./Example/User/main.o
 .debug_macro   0x000000000000131e      0x237 ./Example/User/stm32f4xx_it.o

.debug_line     0x0000000000000000     0x755d
 .debug_line    0x0000000000000000      0x883 ./Drivers/CMSIS/system_stm32f4xx.o
 .debug_line    0x0000000000000883      0xb23 ./Drivers/STM32F4xx_HAL_Driver/stm32f4xx_hal.o
 .debug_line    0x00000000000013a6      0xd8c ./Drivers/STM32F4xx_HAL_Driver/stm32f4xx_hal_cortex.o
 .debug_line    0x0000000000002132      0xd21 ./Drivers/STM32F4xx_HAL_Driver/stm32f4xx_hal_gpio.o
 .debug_line    0x0000000000002e53      0xb15 ./Drivers/STM32F4xx_HAL_Driver/stm32f4xx_hal_pwr_ex.o
 .debug_line    0x0000000000003968     0x10a7 ./Drivers/STM32F4xx_HAL_Driver/stm32f4xx_hal_rcc.o
 .debug_line    0x0000000000004a0f     0x18a6 ./Drivers/STM32F4xx_HAL_Driver/stm32f4xx_hal_rcc_ex.o
 .debug_line    0x00000000000062b5      0x108 ./Example/SW4STM32/startup_stm32f446xx.o
 .debug_line    0x00000000000063bd      0x907 ./Example/User/main.o
 .debug_line    0x0000000000006cc4      0x899 ./Example/User/stm32f4xx_it.o

.debug_str      0x0000000000000000    0xd6606
 .debug_str     0x0000000000000000    0xd3c45 ./Drivers/CMSIS/system_stm32f4xx.o
                                      0xd3ec6 (size before relaxing)
 .debug_str     0x00000000000d3c45      0xc0b ./Drivers/STM32F4xx_HAL_Driver/stm32f4xx_hal.o
                                      0xd4a7b (size before relaxing)
 .debug_str     0x00000000000d4850      0x3ee ./Drivers/STM32F4xx_HAL_Driver/stm32f4xx_hal_cortex.o
                                      0xd4789 (size before relaxing)
 .debug_str     0x00000000000d4c3e      0x26e ./Drivers/STM32F4xx_HAL_Driver/stm32f4xx_hal_gpio.o
                                      0xd4031 (size before relaxing)
 .debug_str     0x00000000000d4eac      0x1ca ./Drivers/STM32F4xx_HAL_Driver/stm32f4xx_hal_pwr_ex.o
                                      0xd408e (size before relaxing)
 .debug_str     0x00000000000d5076      0x411 ./Drivers/STM32F4xx_HAL_Driver/stm32f4xx_hal_rcc.o
                                      0xd4300 (size before relaxing)
 .debug_str     0x00000000000d5487      0x3a5 ./Drivers/STM32F4xx_HAL_Driver/stm32f4xx_hal_rcc_ex.o
                                      0xd4333 (size before relaxing)
 .debug_str     0x00000000000d582c       0xb9 ./Example/SW4STM32/startup_stm32f446xx.o
                                        0x165 (size before relaxing)
 .debug_str     0x00000000000d58e5      0xbe0 ./Example/User/main.o
                                      0xd4b85 (size before relaxing)
 .debug_str     0x00000000000d64c5      0x141 ./Example/User/stm32f4xx_it.o
                                      0xd487b (size before relaxing)

.comment        0x0000000000000000       0x50
 .comment       0x0000000000000000       0x50 ./Drivers/CMSIS/system_stm32f4xx.o
                                         0x51 (size before relaxing)
 .comment       0x0000000000000050       0x51 ./Drivers/STM32F4xx_HAL_Driver/stm32f4xx_hal.o
 .comment       0x0000000000000050       0x51 ./Drivers/STM32F4xx_HAL_Driver/stm32f4xx_hal_cortex.o
 .comment       0x0000000000000050       0x51 ./Drivers/STM32F4xx_HAL_Driver/stm32f4xx_hal_gpio.o
 .comment       0x0000000000000050       0x51 ./Drivers/STM32F4xx_HAL_Driver/stm32f4xx_hal_pwr_ex.o
 .comment       0x0000000000000050       0x51 ./Drivers/STM32F4xx_HAL_Driver/stm32f4xx_hal_rcc.o
 .comment       0x0000000000000050       0x51 ./Drivers/STM32F4xx_HAL_Driver/stm32f4xx_hal_rcc_ex.o
 .comment       0x0000000000000050       0x51 ./Example/User/main.o
 .comment       0x0000000000000050       0x51 ./Example/User/stm32f4xx_it.o

.debug_frame    0x0000000000000000      0x944
 .debug_frame   0x0000000000000000       0x30 ./Drivers/CMSIS/system_stm32f4xx.o
 .debug_frame   0x0000000000000030      0x1f4 ./Drivers/STM32F4xx_HAL_Driver/stm32f4xx_hal.o
 .debug_frame   0x0000000000000224      0x158 ./Drivers/STM32F4xx_HAL_Driver/stm32f4xx_hal_cortex.o
 .debug_frame   0x000000000000037c       0xd4 ./Drivers/STM32F4xx_HAL_Driver/stm32f4xx_hal_gpio.o
 .debug_frame   0x0000000000000450       0xfc ./Drivers/STM32F4xx_HAL_Driver/stm32f4xx_hal_pwr_ex.o
 .debug_frame   0x000000000000054c      0x13c ./Drivers/STM32F4xx_HAL_Driver/stm32f4xx_hal_rcc.o
 .debug_frame   0x0000000000000688      0x148 ./Drivers/STM32F4xx_HAL_Driver/stm32f4xx_hal_rcc_ex.o
 .debug_frame   0x00000000000007d0       0x48 ./Example/User/main.o
 .debug_frame   0x0000000000000818       0xa0 ./Example/User/stm32f4xx_it.o
 .debug_frame   0x00000000000008b8       0x2c /opt/st/stm32cubeide_1.10.1/plugins/com.st.stm32cube.ide.mcu.externaltools.gnu-tools-for-stm32.10.3-2021.10.linux64_1.0.0.202111181127/tools/bin/../lib/gcc/arm-none-eabi/10.3.1/../../../../arm-none-eabi/lib/thumb/v7e-m+fp/hard/libc_nano.a(lib_a-init.o)
 .debug_frame   0x00000000000008e4       0x2c /opt/st/stm32cubeide_1.10.1/plugins/com.st.stm32cube.ide.mcu.externaltools.gnu-tools-for-stm32.10.3-2021.10.linux64_1.0.0.202111181127/tools/bin/../lib/gcc/arm-none-eabi/10.3.1/thumb/v7e-m+fp/hard/libgcc.a(_aeabi_uldivmod.o)
 .debug_frame   0x0000000000000910       0x34 /opt/st/stm32cubeide_1.10.1/plugins/com.st.stm32cube.ide.mcu.externaltools.gnu-tools-for-stm32.10.3-2021.10.linux64_1.0.0.202111181127/tools/bin/../lib/gcc/arm-none-eabi/10.3.1/thumb/v7e-m+fp/hard/libgcc.a(_udivmoddi4.o)
