19:43:24 **** Incremental Build of configuration Debug for project 01_GPIO_Exercicio1_botao_raiz ****
make -j4 all 
arm-none-eabi-gcc "../Core/Src/main.c" -mcpu=cortex-m4 -std=gnu11 -g3 -DDEBUG -DUSE_HAL_DRIVER -DSTM32F446xx -c -I../Core/Inc -I/home/pabllo/STM32Cube/Repository/STM32Cube_FW_F4_V1.27.1/Drivers/STM32F4xx_HAL_Driver/Inc -I/home/pabllo/STM32Cube/Repository/STM32Cube_FW_F4_V1.27.1/Drivers/STM32F4xx_HAL_Driver/Inc/Legacy -I/home/pabllo/STM32Cube/Repository/STM32Cube_FW_F4_V1.27.1/Drivers/CMSIS/Device/ST/STM32F4xx/Include -I/home/pabllo/STM32Cube/Repository/STM32Cube_FW_F4_V1.27.1/Drivers/CMSIS/Include -O0 -ffunction-sections -fdata-sections -Wall -fstack-usage -MMD -MP -MF"Core/Src/main.d" -MT"Core/Src/main.o" --specs=nano.specs -mfpu=fpv4-sp-d16 -mfloat-abi=hard -mthumb -o "Core/Src/main.o"
../Core/Src/main.c: In function 'GPIOC_13_InitButtonB1':
../Core/Src/main.c:232:11: warning: variable 'tmpreg' set but not used [-Wunused-but-set-variable]
  232 |  uint32_t tmpreg = 0;
      |           ^~~~~~
At top level:
../Core/Src/main.c:200:13: warning: 'MX_GPIO_Init' defined but not used [-Wunused-function]
  200 | static void MX_GPIO_Init(void)
      |             ^~~~~~~~~~~~
arm-none-eabi-gcc -o "01_GPIO_Exercicio1_botao_raiz.elf" @"objects.list"   -mcpu=cortex-m4 -T"/home/pabllo/MEGA/POS_GRADUACAO_SENAI/Sistemas_embarcados/Projetos_Pos_Sistemas_Embarcados/Semestre_1/PROEMB/CubeIDEWorkspace/01_GPIO_Exercicio1_botao_raiz/STM32F446RETX_FLASH.ld" --specs=nosys.specs -Wl,-Map="01_GPIO_Exercicio1_botao_raiz.map" -Wl,--gc-sections -static --specs=nano.specs -mfpu=fpv4-sp-d16 -mfloat-abi=hard -mthumb -Wl,--start-group -lc -lm -Wl,--end-group
Finished building target: 01_GPIO_Exercicio1_botao_raiz.elf
 
arm-none-eabi-size   01_GPIO_Exercicio1_botao_raiz.elf 
   text	   data	    bss	    dec	    hex	filename
   8348	     20	   1636	  10004	   2714	01_GPIO_Exercicio1_botao_raiz.elf
arm-none-eabi-objdump -h -S  01_GPIO_Exercicio1_botao_raiz.elf  > "01_GPIO_Exercicio1_botao_raiz.list"
Finished building: default.size.stdout
 
Finished building: 01_GPIO_Exercicio1_botao_raiz.list
 

19:43:25 Build Finished. 0 errors, 2 warnings. (took 892ms)

